/Users/wisen/Documents/Github/selfDevCopy/privateHotelAppRepo/src/main/java/devutil/MyUtil.java
/Users/wisen/Documents/Github/selfDevCopy/privateHotelAppRepo/src/main/java/couchdb/DBTester.java
/Users/wisen/Documents/Github/selfDevCopy/privateHotelAppRepo/src/main/java/kots/ClientEvents.java
/Users/wisen/Documents/Github/selfDevCopy/privateHotelAppRepo/src/main/java/hotelbackend/HotelRoom.java
/Users/wisen/Documents/Github/selfDevCopy/privateHotelAppRepo/src/main/java/couchdb/DB.java
/Users/wisen/Documents/Github/selfDevCopy/privateHotelAppRepo/src/main/java/hotelbackend/Customers.java
/Users/wisen/Documents/Github/selfDevCopy/privateHotelAppRepo/src/main/java/mainhotelapp/SysConstants.java
/Users/wisen/Documents/Github/selfDevCopy/privateHotelAppRepo/src/main/java/couchdb/DBNames.java
/Users/wisen/Documents/Github/selfDevCopy/privateHotelAppRepo/src/main/java/hotelbackend/HotelBackend.java
/Users/wisen/Documents/Github/selfDevCopy/privateHotelAppRepo/src/main/java/kots/KOTS_Order.java
/Users/wisen/Documents/Github/selfDevCopy/privateHotelAppRepo/src/main/java/couchdb/Room.java
/Users/wisen/Documents/Github/selfDevCopy/privateHotelAppRepo/src/main/java/couchdb/CalenderEvents.java
/Users/wisen/Documents/Github/selfDevCopy/privateHotelAppRepo/src/main/java/mainhotelapp/MainApp.java
/Users/wisen/Documents/Github/selfDevCopy/privateHotelAppRepo/src/main/java/devutil/ConsoleColors.java
/Users/wisen/Documents/Github/selfDevCopy/privateHotelAppRepo/src/main/java/hotelbackend/HotelBackEndNorris.java
/Users/wisen/Documents/Github/selfDevCopy/privateHotelAppRepo/src/main/java/hotelbackend/Sqllc.java
/Users/wisen/Documents/Github/selfDevCopy/privateHotelAppRepo/src/main/java/kots/KOTS_Server_Java.java
/Users/wisen/Documents/Github/selfDevCopy/privateHotelAppRepo/src/main/java/couchdb/RestaurantTable.java
/Users/wisen/Documents/Github/selfDevCopy/privateHotelAppRepo/src/main/java/dataProcessing/Encryption.java
/Users/wisen/Documents/Github/selfDevCopy/privateHotelAppRepo/src/main/java/dataProcessing/Encryption3.java
/Users/wisen/Documents/Github/selfDevCopy/privateHotelAppRepo/src/main/java/couchdb/Reservation.java
/Users/wisen/Documents/Github/selfDevCopy/privateHotelAppRepo/src/main/java/kots/EventNames.java
/Users/wisen/Documents/Github/selfDevCopy/privateHotelAppRepo/src/main/java/couchdb/CouchbaseSingleton.java
/Users/wisen/Documents/Github/selfDevCopy/privateHotelAppRepo/src/main/java/mainhotelapp/ReservationSystemUIController.java
/Users/wisen/Documents/Github/selfDevCopy/privateHotelAppRepo/src/main/java/couchdb/RestaurantItem.java
/Users/wisen/Documents/Github/selfDevCopy/privateHotelAppRepo/src/main/java/hotelbackend/CreditCardInfo.java
